54 48 24 1 1 100 0 0 0 100 -1 2 cccccccccccccccccccccccccccccccccccccccccutyctsvabrucavccccccccccccccccccccccccccccccccccccccccccccc 
